[    0.000000] Initializing cgroup subsys cpuset
[    0.000000] Initializing cgroup subsys cpu
[    0.000000] Initializing cgroup subsys cpuacct
[    0.000000] Linux version 4.4.0-93-generic (buildd@lgw01-03) (gcc version 5.4.0 20160609 (Ubuntu 5.4.0-6ubuntu1~16.04.4) ) #116-Ubuntu SMP Fri Aug 11 21:17:51 UTC 2017 (Ubuntu 4.4.0-93.116-generic 4.4.79)
[    0.000000] Command line: BOOT_IMAGE=/boot/vmlinuz-4.4.0-93-generic root=LABEL=cloudimg-rootfs ro console=tty1 console=ttyS0
[    0.000000] KERNEL supported cpus:
[    0.000000]   Intel GenuineIntel
[    0.000000]   AMD AuthenticAMD
[    0.000000]   Centaur CentaurHauls
[    0.000000] x86/fpu: xstate_offset[2]:  576, xstate_sizes[2]:  256
[    0.000000] x86/fpu: Supporting XSAVE feature 0x01: 'x87 floating point registers'
[    0.000000] x86/fpu: Supporting XSAVE feature 0x02: 'SSE registers'
[    0.000000] x86/fpu: Supporting XSAVE feature 0x04: 'AVX registers'
[    0.000000] x86/fpu: Enabled xstate features 0x7, context size is 832 bytes, using 'standard' format.
[    0.000000] x86/fpu: Using 'lazy' FPU context switches.
[    0.000000] e820: BIOS-provided physical RAM map:
[    0.000000] BIOS-e820: [mem 0x0000000000000000-0x000000000009fbff] usable
[    0.000000] BIOS-e820: [mem 0x000000000009fc00-0x000000000009ffff] reserved
[    0.000000] BIOS-e820: [mem 0x00000000000f0000-0x00000000000fffff] reserved
[    0.000000] BIOS-e820: [mem 0x0000000000100000-0x000000001ffeffff] usable
[    0.000000] BIOS-e820: [mem 0x000000001fff0000-0x000000001fffffff] ACPI data
[    0.000000] BIOS-e820: [mem 0x00000000fec00000-0x00000000fec00fff] reserved
[    0.000000] BIOS-e820: [mem 0x00000000fee00000-0x00000000fee00fff] reserved
[    0.000000] BIOS-e820: [mem 0x00000000fffc0000-0x00000000ffffffff] reserved
[    0.000000] NX (Execute Disable) protection: active
[    0.000000] SMBIOS 2.5 present.
[    0.000000] Hypervisor detected: KVM
[    0.000000] e820: last_pfn = 0x1fff0 max_arch_pfn = 0x400000000
[    0.000000] MTRR: Disabled
[    0.000000] x86/PAT: MTRRs disabled, skipping PAT initialization too.
[    0.000000] CPU MTRRs all blank - virtualized system.
[    0.000000] x86/PAT: Configuration [0-7]: WB  WT  UC- UC  WB  WT  UC- UC  
[    0.000000] found SMP MP-table at [mem 0x0009fff0-0x0009ffff] mapped at [ffff88000009fff0]
[    0.000000] Scanning 1 areas for low memory corruption
[    0.000000] RAMDISK: [mem 0x1ed68000-0x1f7fdfff]
[    0.000000] ACPI: Early table checksum verification disabled
[    0.000000] ACPI: RSDP 0x00000000000E0000 000024 (v02 VBOX  )
[    0.000000] ACPI: XSDT 0x000000001FFF0030 00003C (v01 VBOX   VBOXXSDT 00000001 ASL  00000061)
[    0.000000] ACPI: FACP 0x000000001FFF00F0 0000F4 (v04 VBOX   VBOXFACP 00000001 ASL  00000061)
[    0.000000] ACPI: DSDT 0x000000001FFF0470 0021C8 (v02 VBOX   VBOXBIOS 00000002 INTL 20100528)
[    0.000000] ACPI: FACS 0x000000001FFF0200 000040
[    0.000000] ACPI: FACS 0x000000001FFF0200 000040
[    0.000000] ACPI: APIC 0x000000001FFF0240 000054 (v02 VBOX   VBOXAPIC 00000001 ASL  00000061)
[    0.000000] ACPI: SSDT 0x000000001FFF02A0 0001CC (v01 VBOX   VBOXCPUT 00000002 INTL 20100528)
[    0.000000] No NUMA configuration found
[    0.000000] Faking a node at [mem 0x0000000000000000-0x000000001ffeffff]
[    0.000000] NODE_DATA(0) allocated [mem 0x1ffeb000-0x1ffeffff]
[    0.000000] kvm-clock: Using msrs 4b564d01 and 4b564d00
[    0.000000] kvm-clock: cpu 0, msr 0:1ffe3001, primary cpu clock
[    0.000000] kvm-clock: using sched offset of 23759602576 cycles
[    0.000000] clocksource: kvm-clock: mask: 0xffffffffffffffff max_cycles: 0x1cd42e4dffb, max_idle_ns: 881590591483 ns
[    0.000000] Zone ranges:
[    0.000000]   DMA      [mem 0x0000000000001000-0x0000000000ffffff]
[    0.000000]   DMA32    [mem 0x0000000001000000-0x000000001ffeffff]
[    0.000000]   Normal   empty
[    0.000000]   Device   empty
[    0.000000] Movable zone start for each node
[    0.000000] Early memory node ranges
[    0.000000]   node   0: [mem 0x0000000000001000-0x000000000009efff]
[    0.000000]   node   0: [mem 0x0000000000100000-0x000000001ffeffff]
[    0.000000] Initmem setup node 0 [mem 0x0000000000001000-0x000000001ffeffff]
[    0.000000] ACPI: PM-Timer IO Port: 0x4008
[    0.000000] IOAPIC[0]: apic_id 1, version 32, address 0xfec00000, GSI 0-23
[    0.000000] ACPI: INT_SRC_OVR (bus 0 bus_irq 0 global_irq 2 dfl dfl)
[    0.000000] ACPI: INT_SRC_OVR (bus 0 bus_irq 9 global_irq 9 high level)
[    0.000000] Using ACPI (MADT) for SMP configuration information
[    0.000000] smpboot: Allowing 1 CPUs, 0 hotplug CPUs
[    0.000000] PM: Registered nosave memory: [mem 0x00000000-0x00000fff]
[    0.000000] PM: Registered nosave memory: [mem 0x0009f000-0x0009ffff]
[    0.000000] PM: Registered nosave memory: [mem 0x000a0000-0x000effff]
[    0.000000] PM: Registered nosave memory: [mem 0x000f0000-0x000fffff]
[    0.000000] e820: [mem 0x20000000-0xfebfffff] available for PCI devices
[    0.000000] Booting paravirtualized kernel on KVM
[    0.000000] clocksource: refined-jiffies: mask: 0xffffffff max_cycles: 0xffffffff, max_idle_ns: 7645519600211568 ns
[    0.000000] setup_percpu: NR_CPUS:512 nr_cpumask_bits:512 nr_cpu_ids:1 nr_node_ids:1
[    0.000000] PERCPU: Embedded 34 pages/cpu @ffff88001fc00000 s98328 r8192 d32744 u2097152
[    0.000000] PV qspinlock hash table entries: 256 (order: 0, 4096 bytes)
[    0.000000] Built 1 zonelists in Node order, mobility grouping on.  Total pages: 128889
[    0.000000] Policy zone: DMA32
[    0.000000] Kernel command line: BOOT_IMAGE=/boot/vmlinuz-4.4.0-93-generic root=LABEL=cloudimg-rootfs ro console=tty1 console=ttyS0
[    0.000000] PID hash table entries: 2048 (order: 2, 16384 bytes)
[    0.000000] Memory: 485780K/523832K available (8479K kernel code, 1294K rwdata, 3984K rodata, 1492K init, 1316K bss, 38052K reserved, 0K cma-reserved)
[    0.000000] SLUB: HWalign=64, Order=0-3, MinObjects=0, CPUs=1, Nodes=1
[    0.000000] Hierarchical RCU implementation.
[    0.000000] 	Build-time adjustment of leaf fanout to 64.
[    0.000000] 	RCU restricting CPUs from NR_CPUS=512 to nr_cpu_ids=1.
[    0.000000] RCU: Adjusting geometry for rcu_fanout_leaf=64, nr_cpu_ids=1
[    0.000000] NR_IRQS:33024 nr_irqs:256 16
[    0.000000] Console: colour VGA+ 80x25
[    0.000000] console [tty1] enabled
[    0.000000] console [ttyS0] enabled
[    0.000000] tsc: Detected 1995.383 MHz processor
[    4.179855] Calibrating delay loop (skipped) preset value.. 3990.76 BogoMIPS (lpj=7981532)
[    4.236828] pid_max: default: 32768 minimum: 301
[    4.267568] ACPI: Core revision 20150930
[    4.297822] ACPI: 2 ACPI AML tables successfully acquired and loaded
[    4.344339] Security Framework initialized
[    4.372302] Yama: becoming mindful.
[    4.397831] AppArmor: AppArmor initialized
[    4.427069] Dentry cache hash table entries: 65536 (order: 7, 524288 bytes)
[    4.469861] Inode-cache hash table entries: 32768 (order: 6, 262144 bytes)
[    4.511777] Mount-cache hash table entries: 1024 (order: 1, 8192 bytes)
[    4.552002] Mountpoint-cache hash table entries: 1024 (order: 1, 8192 bytes)
[    4.594477] Initializing cgroup subsys io
[    4.622679] Initializing cgroup subsys memory
[    4.652474] Initializing cgroup subsys devices
[    4.683068] Initializing cgroup subsys freezer
[    4.720957] Initializing cgroup subsys net_cls
[    4.754529] Initializing cgroup subsys perf_event
[    4.785955] Initializing cgroup subsys net_prio
[    4.816043] Initializing cgroup subsys hugetlb
[    4.845831] Initializing cgroup subsys pids
[    4.876204] CPU: Physical Processor ID: 0
[    4.909240] mce: CPU supports 0 MCE banks
[    4.942079] process: using mwait in idle threads
[    4.975836] Last level iTLB entries: 4KB 64, 2MB 8, 4MB 8
[    5.010405] Last level dTLB entries: 4KB 64, 2MB 0, 4MB 0, 1GB 4
[    5.277545] Freeing SMP alternatives memory: 32K (ffffffff820ba000 - ffffffff820c2000)
[    5.519242] ftrace: allocating 32136 entries in 126 pages
[    6.306471] smpboot: APIC(0) Converting physical 0 to logical package 0
[    6.347027] smpboot: Max logical packages: 1
[    6.384341] x2apic enabled
[    6.416236] Switched APIC routing to physical x2apic.
[    6.493162] ..TIMER: vector=0x30 apic1=0 pin1=2 apic2=-1 pin2=-1
[    6.632969] APIC calibration not consistent with PM-Timer: 96ms instead of 100ms
[    6.686548] APIC delta adjusted to PM-Timer: 6324801 (6102734)
[    6.729646] smpboot: CPU0: Intel(R) Core(TM) i3-5005U CPU @ 2.00GHz (family: 0x6, model: 0x3d, stepping: 0x4)
[    6.802297] Performance Events: unsupported p6 CPU model 61 no PMU driver, software events only.
[    6.870166] KVM setup paravirtual spinlock
[    6.908901] x86: Booted up 1 node, 1 CPUs
[    6.940511] smpboot: Total of 1 processors activated (3990.76 BogoMIPS)
[    6.985587] devtmpfs: initialized
[    7.013445] evm: security.selinux
[    7.037411] evm: security.SMACK64
[    7.061922] evm: security.SMACK64EXEC
[    7.087932] evm: security.SMACK64TRANSMUTE
[    7.115950] evm: security.SMACK64MMAP
[    7.143631] evm: security.ima
[    7.167057] evm: security.capability
[    7.194666] clocksource: jiffies: mask: 0xffffffff max_cycles: 0xffffffff, max_idle_ns: 7645041785100000 ns
[    7.257453] futex hash table entries: 256 (order: 2, 16384 bytes)
[    7.296631] pinctrl core: initialized pinctrl subsystem
[    7.333092] RTC time: 16:46:48, date: 10/17/17
[    7.364555] NET: Registered protocol family 16
[    7.396239] cpuidle: using governor ladder
[    7.425677] cpuidle: using governor menu
[    7.453372] PCCT header not found.
[    7.478673] ACPI: bus type PCI registered
[    7.508798] acpiphp: ACPI Hot Plug PCI Controller Driver version: 0.5
[    7.551514] PCI: Using configuration type 1 for base access
[    7.590124] ACPI: Added _OSI(Module Device)
[    7.619332] ACPI: Added _OSI(Processor Device)
[    7.649541] ACPI: Added _OSI(3.0 _SCP Extensions)
[    7.681449] ACPI: Added _OSI(Processor Aggregator Device)
[    7.724936] ACPI: Executed 1 blocks of module-level executable AML code
[    7.781949] ACPI: Interpreter enabled
[    7.808068] ACPI: (supports S0 S5)
[    7.833493] ACPI: Using IOAPIC for interrupt routing
[    7.867450] PCI: Using host bridge windows from ACPI; if necessary, use "pci=nocrs" and report a bug
[    7.967978] ACPI: PCI Root Bridge [PCI0] (domain 0000 [bus 00-ff])
[    8.010466] acpi PNP0A03:00: _OSC: OS supports [ASPM ClockPM Segments MSI]
[    8.054000] acpi PNP0A03:00: _OSC failed (AE_NOT_FOUND); disabling ASPM
[    8.099142] acpi PNP0A03:00: fail to add MMCONFIG information, can't access extended PCI configuration space under this bridge.
[    8.178996] PCI host bridge to bus 0000:00
[    8.210297] pci_bus 0000:00: root bus resource [io  0x0000-0x0cf7 window]
[    8.255978] pci_bus 0000:00: root bus resource [io  0x0d00-0xffff window]
[    8.298117] pci_bus 0000:00: root bus resource [mem 0x000a0000-0x000bffff window]
[    8.348056] pci_bus 0000:00: root bus resource [mem 0x20000000-0xffdfffff window]
[    8.397312] pci_bus 0000:00: root bus resource [bus 00-ff]
[    8.492269] pci 0000:00:01.1: legacy IDE quirk: reg 0x10: [io  0x01f0-0x01f7]
[    8.534285] pci 0000:00:01.1: legacy IDE quirk: reg 0x14: [io  0x03f6]
[    8.574002] pci 0000:00:01.1: legacy IDE quirk: reg 0x18: [io  0x0170-0x0177]
[    8.616480] pci 0000:00:01.1: legacy IDE quirk: reg 0x1c: [io  0x0376]
[    8.816541] pci 0000:00:07.0: quirk: [io  0x4000-0x403f] claimed by PIIX4 ACPI
[    8.865523] pci 0000:00:07.0: quirk: [io  0x4100-0x410f] claimed by PIIX4 SMB
[    9.319478] ACPI: PCI Interrupt Link [LNKA] (IRQs 5 9 10 *11)
[    9.377648] ACPI: PCI Interrupt Link [LNKB] (IRQs 5 9 10 *11)
[    9.435807] ACPI: PCI Interrupt Link [LNKC] (IRQs 5 9 *10 11)
[    9.506570] ACPI: PCI Interrupt Link [LNKD] (IRQs 5 *9 10 11)
[    9.563959] ACPI: Enabled 2 GPEs in block 00 to 07
[    9.603354] vgaarb: setting as boot device: PCI:0000:00:02.0
[    9.640355] vgaarb: device added: PCI:0000:00:02.0,decodes=io+mem,owns=io+mem,locks=none
[    9.694696] vgaarb: loaded
[    9.717066] vgaarb: bridge control possible 0000:00:02.0
[    9.752002] SCSI subsystem initialized
[    9.779571] ACPI: bus type USB registered
[    9.808300] usbcore: registered new interface driver usbfs
[    9.843994] usbcore: registered new interface driver hub
[    9.879438] usbcore: registered new device driver usb
[    9.912987] PCI: Using ACPI for IRQ routing
[    9.950114] NetLabel: Initializing
[    9.975801] NetLabel:  domain hash size = 128
[   10.005757] NetLabel:  protocols = UNLABELED CIPSOv4
[   10.039567] NetLabel:  unlabeled traffic allowed by default
[   10.075331] amd_nb: Cannot enumerate AMD northbridges
[   10.109014] clocksource: Switched to clocksource kvm-clock
[   10.172835] AppArmor: AppArmor Filesystem Enabled
[   10.209319] pnp: PnP ACPI init
[   10.245510] pnp: PnP ACPI: found 3 devices
[   10.286881] clocksource: acpi_pm: mask: 0xffffff max_cycles: 0xffffff, max_idle_ns: 2085701024 ns
[   10.346356] NET: Registered protocol family 2
[   10.375715] TCP established hash table entries: 4096 (order: 3, 32768 bytes)
[   10.418055] TCP bind hash table entries: 4096 (order: 4, 65536 bytes)
[   10.457774] TCP: Hash tables configured (established 4096 bind 4096)
[   10.499220] UDP hash table entries: 256 (order: 1, 8192 bytes)
[   10.538083] UDP-Lite hash table entries: 256 (order: 1, 8192 bytes)
[   10.577458] NET: Registered protocol family 1
[   10.610863] pci 0000:00:00.0: Limiting direct PCI/PCI transfers
[   10.651895] pci 0000:00:01.0: Activating ISA DMA hang workarounds
[   10.692448] Unpacking initramfs...
[   14.731671] Freeing initrd memory: 10840K (ffff88001ed68000 - ffff88001f7fe000)
[   14.781925] RAPL PMU detected, API unit is 2^-32 Joules, 4 fixed counters 10737418240 ms ovfl timer
[   14.841032] hw unit of domain pp0-core 2^-0 Joules
[   14.871991] hw unit of domain package 2^-0 Joules
[   14.902484] hw unit of domain dram 2^-0 Joules
[   14.933483] hw unit of domain pp1-gpu 2^-0 Joules
[   14.969587] platform rtc_cmos: registered platform RTC device (no PNP device found)
[   15.022660] Scanning for low memory corruption every 60 seconds
[   15.062474] audit: initializing netlink subsys (disabled)
[   15.097189] audit: type=2000 audit(1508258832.735:1): initialized
[   15.137052] Initialise system trusted keyring
[   15.166354] HugeTLB registered 2 MB page size, pre-allocated 0 pages
[   15.208364] zbud: loaded
[   15.230079] VFS: Disk quotas dquot_6.6.0
[   15.257871] VFS: Dquot-cache hash table entries: 512 (order 0, 4096 bytes)
[   15.299515] squashfs: version 4.0 (2009/01/31) Phillip Lougher
[   15.335469] fuse init (API version 7.23)
[   15.363804] Key type big_key registered
[   15.391158] Allocating IMA MOK and blacklist keyrings.
[   15.424579] Key type asymmetric registered
[   15.452435] Asymmetric key parser 'x509' registered
[   15.484561] Block layer SCSI generic (bsg) driver version 0.4 loaded (major 249)
[   15.534224] io scheduler noop registered
[   15.561750] io scheduler deadline registered (default)
[   15.594908] io scheduler cfq registered
[   15.625814] pci_hotplug: PCI Hot Plug PCI Core version: 0.5
[   15.663648] pciehp: PCI Express Hot Plug Controller Driver version: 0.4
[   15.712092] ACPI: AC Adapter [AC] (on-line)
[   15.743164] input: Power Button as /devices/LNXSYSTM:00/LNXPWRBN:00/input/input0
[   15.792162] ACPI: Power Button [PWRF]
[   15.819480] input: Sleep Button as /devices/LNXSYSTM:00/LNXSLPBN:00/input/input1
[   15.869782] ACPI: Sleep Button [SLPF]
[   15.901680] GHES: HEST is not enabled!
[   15.934244] ACPI: Battery Slot [BAT0] (battery present)
[   15.974181] Serial: 8250/16550 driver, 32 ports, IRQ sharing enabled
[   16.124106] 00:02: ttyS0 at I/O 0x3f8 (irq = 4, base_baud = 115200) is a 16550A
[   16.178026] Linux agpgart interface v0.103
[   16.209556] loop: module loaded
[   16.240351] scsi host0: ata_piix
[   16.265451] scsi host1: ata_piix
[   16.299460] ata1: PATA max UDMA/33 cmd 0x1f0 ctl 0x3f6 bmdma 0xd000 irq 14
[   16.342349] ata2: PATA max UDMA/33 cmd 0x170 ctl 0x376 bmdma 0xd008 irq 15
[   16.396239] libphy: Fixed MDIO Bus: probed
[   16.424171] tun: Universal TUN/TAP device driver, 1.6
[   16.456552] tun: (C) 1999-2004 Max Krasnyansky <maxk@qualcomm.com>
[   16.494425] PPP generic driver version 2.4.2
[   16.524800] ehci_hcd: USB 2.0 'Enhanced' Host Controller (EHCI) Driver
[   16.568189] ehci-pci: EHCI PCI platform driver
[   16.598226] ehci-platform: EHCI generic platform driver
[   16.634928] ohci_hcd: USB 1.1 'Open' Host Controller (OHCI) Driver
[   16.673913] ohci-pci: OHCI PCI platform driver
[   16.711334] ohci-platform: OHCI generic platform driver
[   16.751722] uhci_hcd: USB Universal Host Controller Interface driver
[   16.794633] i8042: PNP: PS/2 Controller [PNP0303:PS2K,PNP0f03:PS2M] at 0x60,0x64 irq 1,12
[   16.858928] serio: i8042 KBD port at 0x60,0x64 irq 1
[   16.891942] serio: i8042 AUX port at 0x60,0x64 irq 12
[   16.925719] mousedev: PS/2 mouse device common for all mice
[   16.965303] input: AT Translated Set 2 keyboard as /devices/platform/i8042/serio0/input/input2
[   17.027696] rtc_cmos rtc_cmos: rtc core: registered rtc_cmos as rtc0
[   17.068474] rtc_cmos rtc_cmos: alarms up to one day, 114 bytes nvram
[   17.111418] i2c /dev entries driver
[   17.136871] device-mapper: uevent: version 1.0.3
[   17.168617] device-mapper: ioctl: 4.34.0-ioctl (2015-10-28) initialised: dm-devel@redhat.com
[   17.222515] ledtrig-cpu: registered to indicate activity on CPUs
[   17.260531] NET: Registered protocol family 10
[   17.290291] NET: Registered protocol family 17
[   17.320307] Key type dns_resolver registered
[   17.350798] microcode: CPU0 sig=0x306d4, pf=0x40, revision=0x0
[   17.388250] microcode: Microcode Update Driver: v2.01 <tigran@aivazian.fsnet.co.uk>, Peter Oruba
[   17.451015] registered taskstats version 1
[   17.480762] Loading compiled-in X.509 certificates
[   17.517274] Loaded X.509 cert 'Build time autogenerated kernel key: a6f98c496ad22cf23b77f8fe21ff88c41791cbd4'
[   17.584445] zswap: loaded using pool lzo/zbud
[   17.616991] Key type trusted registered
[   17.649828] Key type encrypted registered
[   17.678077] AppArmor: AppArmor sha1 policy hashing enabled
[   17.714287] ima: No TPM chip found, activating TPM-bypass!
[   17.749211] evm: HMAC attrs: 0x1
[   17.779779]   Magic number: 5:236:793
[   17.811486] rtc_cmos rtc_cmos: setting system clock to 2017-10-17 16:46:58 UTC (1508258818)
[   17.872316] BIOS EDD facility v0.16 2004-Jun-25, 0 devices found
[   17.909823] EDD information not available.
[   17.948206] Freeing unused kernel memory: 1492K (ffffffff81f45000 - ffffffff820ba000)
[   17.999795] Write protecting the kernel read-only data: 14336k
[   18.037183] Freeing unused kernel memory: 1748K (ffff88000184b000 - ffff880001a00000)
[   18.089257] Freeing unused kernel memory: 112K (ffff880001de4000 - ffff880001e00000)
Loading, please wait...
starting version 229
[   18.190221] random: systemd-udevd: uninitialized urandom read (16 bytes read, 9 bits of entropy available)
[   18.251097] random: udevadm: uninitialized urandom read (16 bytes read, 9 bits of entropy available)
[   18.309621] random: systemd-udevd: uninitialized urandom read (16 bytes read, 9 bits of entropy available)
[   18.370133] random: udevadm: uninitialized urandom read (16 bytes read, 9 bits of entropy available)
[   18.428319] random: udevadm: uninitialized urandom read (16 bytes read, 9 bits of entropy available)
[   18.486327] random: systemd-udevd: uninitialized urandom read (16 bytes read, 9 bits of entropy available)
[   18.546891] random: udevadm: uninitialized urandom read (16 bytes read, 9 bits of entropy available)
[   18.604247] random: systemd-udevd: uninitialized urandom read (16 bytes read, 9 bits of entropy available)
[   18.664998] random: udevadm: uninitialized urandom read (16 bytes read, 9 bits of entropy available)
[   18.731488] random: udevadm: uninitialized urandom read (16 bytes read, 9 bits of entropy available)
[   18.878573] Fusion MPT base driver 3.04.20
[   18.915308] Copyright (c) 1999-2008 LSI Corporation
[   18.973100] e1000: Intel(R) PRO/1000 Network Driver - version 7.3.21-k8-NAPI
[   19.015223] e1000: Copyright (c) 1999-2006 Intel Corporation.
[   19.180517] AVX version of gcm_enc/dec engaged.
[   19.210969] AES CTR mode by8 optimization enabled
[   19.256419] Fusion MPT SPI Host driver 3.04.20
[   19.427043] input: ImExPS/2 Generic Explorer Mouse as /devices/platform/i8042/serio1/input/input4
[   22.058838] e1000 0000:00:03.0 eth0: (PCI:33MHz:32-bit) 02:04:e4:df:e4:d8
[   22.098818] e1000 0000:00:03.0 eth0: Intel(R) PRO/1000 Network Connection
[   22.140040] floppy0: no floppy controllers found
[   22.180726] mptbase: ioc0: Initiating bringup
[   22.282184] ioc0: LSI53C1030 A0: Capabilities={Initiator}
[   22.546823] scsi host2: ioc0: LSI53C1030 A0, FwRev=00000000h, Ports=1, MaxQ=256, IRQ=20
[   22.727666] scsi 2:0:0:0: Direct-Access     VBOX     HARDDISK         1.0  PQ: 0 ANSI: 5
[   22.809730] scsi target2:0:0: Beginning Domain Validation
[   22.859029] scsi target2:0:0: Domain Validation skipping write tests
[   22.897900] scsi target2:0:0: Ending Domain Validation
[   23.589525] scsi target2:0:0: asynchronous
[   23.726317] scsi 2:0:1:0: Direct-Access     VBOX     HARDDISK         1.0  PQ: 0 ANSI: 5
[   23.846379] scsi target2:0:1: Beginning Domain Validation
[   24.214704] scsi target2:0:1: Domain Validation skipping write tests
[   24.253657] scsi target2:0:1: Ending Domain Validation
[   24.384848] scsi target2:0:1: asynchronous
[   25.009644] sd 2:0:0:0: Attached scsi generic sg0 type 0
[   25.044186] sd 2:0:0:0: [sda] 20971520 512-byte logical blocks: (10.7 GB/10.0 GiB)
[   25.132032] sd 2:0:1:0: [sdb] 20480 512-byte logical blocks: (10.5 MB/10.0 MiB)
[   25.181550] sd 2:0:1:0: Attached scsi generic sg1 type 0
[   25.254785] sd 2:0:0:0: [sda] Write Protect is off
[   25.326408] sd 2:0:1:0: [sdb] Write Protect is off
[   25.359136] sd 2:0:0:0: [sda] Incomplete mode parameter data
[   25.393458] sd 2:0:0:0: [sda] Assuming drive cache: write through
[   25.512114] sd 2:0:1:0: [sdb] Incomplete mode parameter data
[   25.553690] sd 2:0:1:0: [sdb] Assuming drive cache: write through
[   25.669673]  sda: sda1
[   25.695229] sd 2:0:0:0: [sda] Attached SCSI disk
[   25.874657] sd 2:0:1:0: [sdb] Attached SCSI disk
[   26.655271] e1000 0000:00:08.0 eth1: (PCI:33MHz:32-bit) 08:00:27:44:b3:c5
[   26.716682] e1000 0000:00:08.0 eth1: Intel(R) PRO/1000 Network Connection
[   26.772036] e1000 0000:00:03.0 enp0s3: renamed from eth0
[   26.808927] e1000 0000:00:08.0 enp0s8: renamed from eth1
[   26.865002] random: nonblocking pool is initialized
Begin: Loading essential drivers ... [   36.267648] md: linear personality registered for level -1
[   36.325451] md: multipath personality registered for level -4
[   36.382625] md: raid0 personality registered for level 0
[   36.440048] md: raid1 personality registered for level 1
[   36.561375] raid6: sse2x1   gen()  4094 MB/s
[   36.657253] raid6: sse2x1   xor()  3656 MB/s
[   36.753209] raid6: sse2x2   gen()  4789 MB/s
[   36.849432] raid6: sse2x2   xor()  3226 MB/s
[   36.945518] raid6: sse2x4   gen()  5785 MB/s
[   37.041092] raid6: sse2x4   xor()  3942 MB/s
[   37.070004] raid6: using algorithm sse2x4 gen() 5785 MB/s
[   37.104596] raid6: .... xor() 3942 MB/s, rmw enabled
[   37.137655] raid6: using ssse3x2 recovery algorithm
[   37.176600] xor: automatically using best checksumming function:
[   37.253213]    avx       :  8251.000 MB/sec
[   37.286776] async_tx: api initialized (async)
[   37.361356] md: raid6 personality registered for level 6
[   37.395318] md: raid5 personality registered for level 5
[   37.429952] md: raid4 personality registered for level 4
[   37.482332] md: raid10 personality registered for level 10
done.
Begin: Running /scripts/init-premount ... done.
Begin: Mounting root file system ... Begin: Running /scripts/local-top ... done.
Begin: Running /scripts/local-premount ... [   37.719645] Btrfs loaded
Scanning for Btrfs filesystems
done.
Warning: fsck not present, so skipping root file system
[   38.339394] EXT4-fs (sda1): mounted filesystem with ordered data mode. Opts: (null)
done.
Begin: Running /scripts/local-bottom ... done.
Begin: Running /scripts/init-bottom ... done.
[   39.679308] systemd[1]: systemd 229 running in system mode. (+PAM +AUDIT +SELINUX +IMA +APPARMOR +SMACK +SYSVINIT +UTMP +LIBCRYPTSETUP +GCRYPT +GNUTLS +ACL +XZ -LZ4 +SECCOMP +BLKID +ELFUTILS +KMOD -IDN)
[   39.793847] systemd[1]: Detected virtualization oracle.
[   39.827924] systemd[1]: Detected architecture x86-64.

Welcome to [1mUbuntu 16.04.3 LTS[0m!

[   39.964442] systemd[1]: Set hostname to <ubuntu>.
[   40.087643] systemd[1]: Initializing machine ID from random generator.
[   40.145400] systemd[1]: Installed transient /etc/machine-id file.
[   44.122888] systemd[1]: Listening on Journal Socket.
[[0;32m  OK  [0m] Listening on Journal Socket.
[   44.207991] systemd[1]: Listening on udev Control Socket.
[[0;32m  OK  [0m] Listening on udev Control Socket.
[   44.291130] systemd[1]: Created slice System Slice.
[[0;32m  OK  [0m] Created slice System Slice.
[   44.457154] systemd[1]: Starting Load Kernel Modules...
         Starting Load Kernel Modules...
[   44.544370] systemd[1]: Listening on Device-mapper event daemon FIFOs.
[[0;32m  OK  [0m] Listening on Device-mapper event daemon FIFOs.
[   44.648361] systemd[1]: Starting Nameserver information manager...
         Starting Nameserver information manager...
[   44.734376] systemd[1]: Started Trigger resolvconf update for networkd DNS.
[[0;32m  OK  [0m] Started Trigger resolvconf update for networkd DNS.
[   44.825583] systemd[1]: Listening on Journal Socket (/dev/log).
[   44.883728] Loading iSCSI transport class v2.0-870.
[[0;32m  OK  [0m] Listening on Journal Socket (/dev/log).
[   44.955612] systemd[1]: Starting Set console keymap...
         Starting Set console keymap...
[   45.036169] systemd[1]: Started Forward Password Requests to Wall Directory Watch.
[   45.091640] iscsi: registered transport (tcp)
[[0;32m  OK  [0m] Started Forward Password Requests to Wall Directory Watch.
[   45.175198] systemd[1]: Reached target Encrypted Volumes.
[[0;32m  OK  [0m] Reached target Encrypted Volumes.
[   45.260262] systemd[1]: Mounting POSIX Message Queue File System...
         Mounting POSIX Message Queue File System...
[   45.360674] systemd[1]: Created slice system-serial\x2dgetty.slice.
[[0;32m  OK  [0m] Created slice system-serial\x2dgetty.slice.
[   45.477785] systemd[1]: Set up automount Arbitrary Executable File Formats File System Automount Point.
[[0;32m  OK  [0m] Set up automount Arbitrary Executab...ats File System Automount Point.
[   45.652269] systemd[1]: Listening on Syslog Socket.
[   45.693710] iscsi: registered transport (iser)
[[0;32m  OK  [0m] Listening on Syslog Socket.
[   45.768522] systemd[1]: Mounting Huge Pages File System...
         Mounting Huge Pages File System...
[   45.849583] systemd[1]: Mounting Debug File System...
         Mounting Debug File System...
[   45.925637] systemd[1]: Listening on /dev/initctl Compatibility Named Pipe.
[[0;32m  OK  [0m] Listening on /dev/initctl Compatibility Named Pipe.
[   46.018108] systemd[1]: Reached target Swap.
[[0;32m  OK  [0m] Reached target Swap.
[   46.089375] systemd[1]: Starting Create list of required static device nodes for the current kernel...
         Starting Create list of required st... nodes for the current kernel...
[   46.202631] systemd[1]: Starting Uncomplicated firewall...
         Starting Uncomplicated firewall...
[   46.279195] systemd[1]: Created slice User and Session Slice.
[[0;32m  OK  [0m] Created slice User and Session Slice.
[   46.369001] systemd[1]: Listening on LVM2 metadata daemon socket.
[[0;32m  OK  [0m] Listening on LVM2 metadata daemon socket.
[   46.463607] systemd[1]: Starting Monitoring of LVM2 mirrors, snapshots etc. using dmeventd or progress polling...
         Starting Monitoring of LVM2 mirrors... dmeventd or progress polling...
[   46.575588] systemd[1]: Listening on LVM2 poll daemon socket.
[[0;32m  OK  [0m] Listening on LVM2 poll daemon socket.
[   46.664143] systemd[1]: Listening on Journal Audit Socket.
[[0;32m  OK  [0m] Listening on Journal Audit Socket.
[   46.751873] systemd[1]: Starting Journal Service...
         Starting Journal Service...
[   46.921759] systemd[1]: Reached target Slices.
[[0;32m  OK  [0m] Reached target Slices.
[   47.016985] systemd[1]: Reached target User and Group Name Lookups.
[[0;32m  OK  [0m] Reached target User and Group Name Lookups.
[   47.106725] systemd[1]: Starting Remount Root and Kernel File Systems...
         Starting Remount Root and Kernel File Systems...
[   47.203218] EXT4-fs (sda1): re-mounted. Opts: (null)
[   47.242835] systemd[1]: Listening on udev Kernel Socket.
[[0;32m  OK  [0m] Listening on udev Kernel Socket.
[   47.341511] systemd[1]: Mounted Huge Pages File System.
[[0;32m  OK  [0m] Mounted Huge Pages File System.
[   47.428934] systemd[1]: Mounted POSIX Message Queue File System.
[[0;32m  OK  [0m] Mounted POSIX Message Queue File System.
[   47.538787] systemd[1]: Mounted Debug File System.
[[0;32m  OK  [0m] Mounted Debug File System.
[   47.612678] systemd[1]: Started Journal Service.
[[0;32m  OK  [0m] Started Journal Service.
[[0;32m  OK  [0m] Started Load Kernel Modules.
[[0;32m  OK  [0m] Started Set console keymap.
[[0;32m  OK  [0m] Started Create list of required sta...ce nodes for the current kernel.
[[0;32m  OK  [0m] Started Uncomplicated firewall.
[[0;32m  OK  [0m] Started Remount Root and Kernel File Systems.
[[0;32m  OK  [0m] Started Nameserver information manager.
[[0;32m  OK  [0m] Started LVM2 metadata daemon.
         Starting Initial cloud-init job (pre-networking)...
         Starting Load/Save Random Seed...
         Starting udev Coldplug all Devices...
         Starting Create Static Device Nodes in /dev...
         Mounting FUSE Control File System...
         Starting Apply Kernel Variables...
         Starting Flush Journal to Persistent Storage...
[[0;32m  OK  [0m] Mounted FUSE Control File System.
[[0;32m  OK  [0m] Started Load/Save Random Seed.
[[0;32m  OK  [0m] Started Monitoring of LVM2 mirrors,...ng dmeventd or progress polling.
[[0;32m  OK  [0m] Started udev Coldplug all Devices.
[[0;32m  OK  [0m] Started Apply Kernel Variables.
[[0;32m  OK  [0m] Started Flush Journal to Persistent Storage.
[[0;32m  OK  [0m] Started Create Static Device Nodes in /dev.
         Starting udev Kernel Device Manager...
[[0;32m  OK  [0m] Started udev Kernel Device Manager.
[[0;32m  OK  [0m] Reached target Local File Systems (Pre).
[[0;32m  OK  [0m] Reached target Local File Systems.
         Starting Commit a transient machine-id on disk...
         Starting Set console font and keymap...
         Starting Tell Plymouth To Write Out Runtime Data...
         Starting LSB: AppArmor initialization...
         Starting Create Volatile Files and Directories...
[[0;32m  OK  [0m] Started Dispatch Password Requests to Console Directory Watch.
[[0;32m  OK  [0m] Started Commit a transient machine-id on disk.
[[0;32m  OK  [0m] Started Tell Plymouth To Write Out Runtime Data.
[[0;32m  OK  [0m] Started Create Volatile Files and Directories.
[[0;32m  OK  [0m] Found device /dev/ttyS0.
[[0;32m  OK  [0m] Reached target System Time Synchronized.
         Starting Update UTMP about System Boot/Shutdown...
[[0;32m  OK  [0m] Listening on Load/Save RF Kill Switch Status /dev/rfkill Watch.
[[0;32m  OK  [0m] Started LSB: AppArmor initialization.
[[0;32m  OK  [0m] Started Update UTMP about System Boot/Shutdown.
[   58.880967] [[0;32m  OK  [0m] Started Initial cloud-init job (pre-networking).cloud-init[431]: 
Cloud-init v. 0.7.9 running 'init-local' at Tue, 17 Oct 2017 16:47:46 +0000. Up 56.83 seconds.
[[0;32m  OK  [0m] Reached target Network (Pre).
         Starting Raise network interfaces...
[[0;32m  OK  [0m] Started Set console font and keymap.
[[0;32m  OK  [0m] Created slice system-getty.slice.
[[0;32m  OK  [0m] Started Raise network interfaces.
         Starting Initial cloud-init job (metadata service crawler)...
[[0;32m  OK  [0m] Reached target Network.
[   80.565535] cloud-init[962]: Cloud-init v. 0.7.9 running 'init' at Tue, 17 Oct 2017 16:48:04 +0000. Up 75.46 seconds.
[   80.696435] cloud-init[962]: ci-info: +++++++++++++++++++++++++++++++++++++Net device info++++++++++++++++++++++++++++++++++++++[
[0;32m  OK  [0m[   80.829127] ] cloud-initStarted Initial cloud-init job (metadata service crawler).[962]: ci-info: +--------+-------+---------------------------+---------------+-------+-------------------+
[[0;32m  OK  [0m
] Reached target System Initialization.[   80.975126] cloud-init[962]: 
ci-info: | Device |   Up  |          Address          |      Mask     | Scope |     Hw-Address    |
[   81.047416] [[0;32m  OK  [0mcloud-init[962]: ] Started ACPI Events Check.ci-info: +--------+-------+---------------------------+---------------+-------+-------------------+
[[0;32m  OK  [0m] Reached target Paths.
[   81.185279] 
[cloud-init[0;32m  OK  [0m[962]: ] ci-info: | enp0s8 | False |             .             |       .       |   .   | 08:00:27:44:b3:c5 |Listening on ACPID Listen Socket.
         Starting Socket activation for snappy daemon.
[   81.317442] 
[cloud-init[0;32m  OK  [0m[962]: ] Listening on D-Bus System Message Bus Socket.ci-info: | enp0s3 |  True |         10.0.2.15         | 255.255.255.0 |   .   | 02:04:e4:df:e4:d8 |
[[0;32m  OK  [0m] 
Listening on UUID daemon activation socket.[   81.470635] cloud-init
[962]: ci-info: | enp0s3 |  True | fe80::4:e4ff:fedf:e4d8/64 |       .       |  link | 02:04:e4:df:e4:d8 |         
Starting LXD - unix socket.[   81.557915] cloud-init
[962]: [[0;32m  OK  [0mci-info: |   lo   |  True |         127.0.0.1         |   255.0.0.0   |   .   |         .         |] Started Daily Cleanup of Temporary Directories.

[[   81.684180] [0;32m  OK  [0mcloud-init] Started Timer to automatically refresh installed snaps.[962]: ci-info: |   lo   |  True |          ::1/128          |       .       |  host |         .         |
[[0;32m  OK  [0m] 
Reached target Cloud-config availability.[   81.861912] cloud-init[962]: 
ci-info: +--------+-------+---------------------------+---------------+-------+-------------------+[[0;32m  OK  [0m] Reached target Network is Online.

[[0;32m  OK  [0m[   82.002703] ] cloud-init[962]: Started Daily apt download activities.ci-info: +++++++++++++++++++++++++++Route IPv4 info++++++++++++++++++++++++++++
[[0;32m  OK  [0m
[   82.105937] ] cloud-initStarted Daily apt upgrade and clean activities.[962]: ci-info: +-------+-------------+----------+---------------+-----------+-------+
[[0;32m  OK  [0m] 
Reached target Timers.[   82.226731] cloud-init
[962]:          ci-info: | Route | Destination | Gateway  |    Genmask    | Interface | Flags |Starting iSCSI initiator daemon (iscsid)...
[
[0;32m  OK  [0m[   82.346216] ] Listening on Socket activation for snappy daemon.cloud-init[962]: ci-info: +-------+-------------+----------+---------------+-----------+-------+
[[0;32m  OK  [0m] Listening on LXD - unix socket.
[   82.463992] 
cloud-init[962]: ci-info: |   0   |   0.0.0.0   | 10.0.2.2 |    0.0.0.0    |   enp0s3  |   UG  |[[0;32m  OK  [0m] Reached target Sockets.

[[   82.604326] [0;32m  OK  [0mcloud-init[962]: ] Reached target Basic System.ci-info: |   1   |   10.0.2.0  | 0.0.0.0  | 255.255.255.0 |   enp0s3  |   U   |
[[0;32m  OK  [0m
[   82.714340] ] cloud-initStarted Deferred execution scheduler.[962]: ci-info: +-------+-------------+----------+---------------+-----------+-------+

[   82.798722] cloud-init[962]: Generating public/private rsa key pair.         
Starting Pollinate to seed the pseudo random number generator...[   82.896753] cloud-init
[962]:          Your identification has been saved in /etc/ssh/ssh_host_rsa_key.Starting LSB: Record successful boot for GRUB...

[[0;32m  OK  [0m[   83.003887] ] cloud-initStarted D-Bus System Message Bus.[962]: Your public key has been saved in /etc/ssh/ssh_host_rsa_key.pub.

[   83.132102] cloud-init[962]: The key fingerprint is:
[   83.195051] cloud-init[962]: SHA256:etg1lt97LgG6Rk1rftZbDWnpKBcKEZb7sD5q5bzbQa4 root@ubuntu-xenial
[   83.265361] cloud-init[962]: The key's randomart image is:
[   83.321864] cloud-init[962]: +---[RSA 2048]----+
[   83.366876] cloud-init[962]: |        o.       |
[   83.419285] cloud-init[962]: |       ...       |
[   83.486287] cloud-init[962]: |        ..       |
[   83.538916] cloud-init[962]: |        o. .o  o |
[   83.603375] cloud-init[962]: |        S+*+.o=  |
[   83.663049] cloud-init[962]: |       +o*+++*...|
[   83.714614] cloud-init[962]: |      o=o.=++ ooo|
[   83.779898] cloud-init[962]: |      ..=oo+. +.+|
[   83.849302] cloud-init[962]: |     ...E=.  o.=o|
[   83.956483] cloud-init         [962]: +----[SHA256]-----+Starting LXD - container startup/shutdown...

[   84.073396]          Starting LSB: MD monitoring daemon...cloud-init[962]: Generating public/private dsa key pair.
         Starting Accounts Service...
[   84.192293] 
cloud-init         Starting /etc/rc.local Compatibility...[962]: Your identification has been saved in /etc/ssh/ssh_host_dsa_key.
         Starting System Logging Service...
[   84.329529] 
cloud-init         [962]: Your public key has been saved in /etc/ssh/ssh_host_dsa_key.pub.Starting Apply the settings specified in cloud-config...

[   84.456707] [[0;32m  OK  [0mcloud-init[962]: ] Started ACPI event daemon.The key fingerprint is:
         Starting Login Service...

[   84.625617] cloud-init[962]: SHA256:FIgMRMYg/zWOFISRxo9EAZD5h12UBbuJDTpljF7kVrg root@ubuntu-xenial
[   84.732599] cloud-init[962]: The key's randomart image is:
[   84.829740] cloud-init[962]: +---[DSA 1024]----+
[   84.917421] cloud-init[962]: |*@OO+++=o        |
[   85.036488] cloud-init[962]: |+oB=+o+. .       |
[[0;32m  OK  [0m] [   85.156701] Started Regular background program processing daemon.cloud-init
[962]: [[0;32m  OK  [0m] | +o=Xo+ .        |Started Unattended Upgrades Shutdown.
[
[0;32m  OK  [0m] Started FUSE filesystem for LXC.[   85.371117] 
cloud-init[962]: | .+OEB =         |
[   85.478323] cloud-init[962]: |  +.+ = S        |
[   85.585588] cloud-init[962]: |   .             |
[[0;32m  OK  [0m[   85.706396] ] Started Snappy daemon.cloud-init
[962]:          Starting Auto import assertions from block devices...|                 |
[[0;32m  OK  [0m
] Started iSCSI initiator daemon (iscsid).[   85.909161] 
[[0;32m  OK  [0m] cloud-initStarted /etc/rc.local Compatibility.
[962]: [[0;32m  OK  [0m|                 |] Started Auto import assertions from block devices.

[   86.093002] cloud-init[962]: |                 |
         Starting Login to default iSCSI targets...[   86.335806] 
[cloud-init[0;32m  OK  [0m] [962]: Started Login Service.
+----[SHA256]-----+
[   86.588541] cloud-init[[0;32m  OK  [0m] [962]: Started System Logging Service.Generating public/private ecdsa key pair.

[[0;32m  OK  [0m[   86.765986] ] Started LSB: Record successful boot for GRUB.cloud-init[962]: 
Your identification has been saved in /etc/ssh/ssh_host_ecdsa_key.
[   86.945178] [[0;32m  OK  [0mcloud-init] Started LSB: MD monitoring daemon.[962]: 
Your public key has been saved in /etc/ssh/ssh_host_ecdsa_key.pub.
[   87.116272] cloud-init[962]: The key fingerprint is:
[   87.243016] cloud-init[962]: SHA256:w+IlfHSL5vyYTxPF+eaaz4rahpMFuJ3F1PNEZesNImw root@ubuntu-xenial[[0;32m  OK  [0m] Started Login to default iSCSI targets.

[[0;32m  OK  [0m] Reached target Remote File Systems (Pre).[   87.430709] 
cloud-init[[0;32m  OK  [0m[962]: The key's randomart image is:] Reached target Remote File Systems.
         
[   87.631383] Starting LSB: VirtualBox Linux Additions...cloud-init
[962]:          +---[ECDSA 256]---+Starting LSB: daemon to balance interrupts for SMP systems...
[   87.755353] 
cloud-init         [962]: Starting LSB: automatic crash report generation...|           . ...o|

         [   87.858465] Starting LSB: Set the CPU Frequency Scaling governor to "ondemand"...cloud-init[962]: |         ...o....|

         [   87.981526] Starting Permit User Sessions...cloud-init
[962]: |       ..oE =+.. |[
[0;32m  OK  [0m[   88.103509] ] Started Permit User Sessions.
cloud-init[962]: |     ..o.+o+ oo..|
         Starting Hold until boot process finishes up...[   88.294169] 
cloud-init         [962]: Starting Terminate Plymouth Boot Screen...|      +oS+o   o..|

[   88.407732] [[0;32m  OK  [0m] Started LSB: Set the CPU Frequency Scaling governor to "ondemand".cloud-init[962]: 
[|     ..Oo... o   |[0;32m  OK  [0m
] Started LSB: daemon to balance interrupts for SMP systems.[   88.592499] 
cloud-init[[962]: [0;32m  OK  [0m|      . o+o   .  |] Started Hold until boot process finishes up.

[[0;32m  OK  [0m[   88.754871] ] Started Terminate Plymouth Boot Screen.cloud-init[962]: |        +*.o +   |

         [   88.857521] Starting Set console scheme...cloud-init
[962]: [[0;32m  OK  [0m] Started Getty on tty1.|        +== +oo  |
[[0;32m  OK  [0m
] [   89.055880] Started Serial Getty on ttyS0.cloud-init
[962]: [[0;32m  OK  [0m] +----[SHA256]-----+Reached target Login Prompts.
[[0;32m  OK  [0m
[   89.202327] ] Started LSB: automatic crash report generation.cloud-init[962]: 
Generating public/private ed25519 key pair.[[0;32m  OK  [0m] Started Set console scheme.

[   89.369381] cloud-init[962]: Your identification has been saved in /etc/ssh/ssh_host_ed25519_key.
[   89.463985] cloud-init[962]: Your public key has been saved in /etc/ssh/ssh_host_ed25519_key.pub.
[   89.563966] cloud-init[962]: The key fingerprint is:
[   89.624843] cloud-init[962]: SHA256:yc5ldZXE3bt6YjDrSdtCyWkK4K8yAlwgUFrvwl471mg root@ubuntu-xenial
[   89.720834] cloud-init[962]: The key's randomart image is:
[   89.802607] cloud-init         [962]: Starting Authenticate and Authorize Users to Run Privileged Tasks...+--[ED25519 256]--+

[   89.917812] cloud-init[962]: |o.o           o.=|
[   89.983168] cloud-init[962]: |.+ .           +o|
[   90.040414] cloud-init[962]: |o . .       . . .|
[   90.123839] cloud-init[962]: | . o . . . . . . |
[   90.237701] cloud-init[962]: |. + + . S + o   .|
[   90.338102] [[0;32m  OK  [0m] Started LSB: VirtualBox Linux Additions.
cloud-init[962]: |.o o = + o O   . |
[   90.540798] cloud-init[962]: |. . E o + +.+ .  |
[   90.646942] cloud-init[962]: | . = . . ..o++ . |
[   90.778178] cloud-init[962]: |  . o..   .+o.o  |
[   90.882336] cloud-init[962]: +----[SHA256]-----+
[[0;32m  OK  [0m] Started Authenticate and Authorize Users to Run Privileged Tasks.[   91.025025] cloud-init
[1131]: [[0;32m  OK  [0mGenerating locales (this might take a while)...] Started Accounts Service.

[[0;32m  OK  [0m] Started Pollinate to seed the pseudo random number generator.
         Starting OpenBSD Secure Shell server...
[[0;32m  OK  [0m] Started OpenBSD Secure Shell server.
[[0;32m  OK  [0m] Started LXD - container startup/shutdown.
[[0;32m  OK  [0m] Reached target Multi-User System.
[[0;32m  OK  [0m] Reached target Graphical Interface.
         Starting Update UTMP about System Runlevel Changes...
[[0;32m  OK  [0m] Started Update UTMP about System Runlevel Changes.
[   95.838658] cloud-init[1131]:   en_US.UTF-8... done
[   95.909075] cloud-init[1131]: Generation complete.

Ubuntu 16.04.3 LTS ubuntu-xenial ttyS0

ubuntu-xenial login: [  101.597604] cloud-init[1131]: Cloud-init v. 0.7.9 running 'modules:config' at Tue, 17 Oct 2017 16:48:16 +0000. Up 87.09 seconds.
ci-info: no authorized ssh keys fingerprints found for user ubuntu.
<14>Oct 17 16:48:32 ec2: 
<14>Oct 17 16:48:32 ec2: #############################################################
<14>Oct 17 16:48:32 ec2: -----BEGIN SSH HOST KEY FINGERPRINTS-----
<14>Oct 17 16:48:32 ec2: 1024 SHA256:FIgMRMYg/zWOFISRxo9EAZD5h12UBbuJDTpljF7kVrg root@ubuntu-xenial (DSA)
<14>Oct 17 16:48:32 ec2: 256 SHA256:w+IlfHSL5vyYTxPF+eaaz4rahpMFuJ3F1PNEZesNImw root@ubuntu-xenial (ECDSA)
<14>Oct 17 16:48:32 ec2: 256 SHA256:yc5ldZXE3bt6YjDrSdtCyWkK4K8yAlwgUFrvwl471mg root@ubuntu-xenial (ED25519)
<14>Oct 17 16:48:32 ec2: 2048 SHA256:etg1lt97LgG6Rk1rftZbDWnpKBcKEZb7sD5q5bzbQa4 root@ubuntu-xenial (RSA)
<14>Oct 17 16:48:32 ec2: -----END SSH HOST KEY FINGERPRINTS-----
<14>Oct 17 16:48:32 ec2: #############################################################
-----BEGIN SSH HOST KEY KEYS-----
ecdsa-sha2-nistp256 AAAAE2VjZHNhLXNoYTItbmlzdHAyNTYAAAAIbmlzdHAyNTYAAABBBHuPRnj3z0Pwce0SIt3661JrKry06CEM86cqDKNNhj6aEoAbBkd4fJdGeT19zmDu5+3PdbUGp95vZ51FfKXBvLU= root@ubuntu-xenial
ssh-ed25519 AAAAC3NzaC1lZDI1NTE5AAAAIAk15HYw9VYF3DVj31cgiSFLQ6I2/4ZBNsT2hSYpDbRF root@ubuntu-xenial
ssh-rsa AAAAB3NzaC1yc2EAAAADAQABAAABAQDcFe7mGMfSgAG1euL5m3bxyjICGyV9BSaYqonlcX28cOcvAblzGzrEY4vFjzttXasj0yhXvp4BIng6ZOzdgGFU1TYq1Iwnx2hAnW44XFwUwSKUVTYj8RfypJS5eO3wQk3VjeeeoC8l5mvJ5nIEHZ5upDL4U1byICZQVgkiNc1E7fFGLdk3nz5Xyuw/1SBe0SIsf9ppAKbRcYufazUayvI0cRYgTobPCavVerfgGbAiRsTLEXOe1NO3/dLa72NixtZ/G/VWviA3e5LKZYG1VY0vNqfo9xmGqETCIJtBXD+bueUSXCP1CrP5rmj9LgRqbi9Cmlww5/WXs74xcRjfR6FF root@ubuntu-xenial
-----END SSH HOST KEY KEYS-----
[  103.958191] cloud-init[1358]: Cloud-init v. 0.7.9 running 'modules:final' at Tue, 17 Oct 2017 16:48:31 +0000. Up 102.71 seconds.
[  104.125292] cloud-init[1358]: ci-info: no authorized ssh keys fingerprints found for user ubuntu.
[  104.307049] cloud-init[1358]: Cloud-init v. 0.7.9 finished at Tue, 17 Oct 2017 16:48:33 +0000. Datasource DataSourceNoCloud [seed=/dev/sdb][dsmode=net].  Up 103.94 seconds
